// Jest Snapshot v1, https://goo.gl/fbAQLP

exports[`<Accordion /> opens and closes the <Accordion /> component 1`] = `
<div
  class="accordion__Container-l3iym9-0 inwkwi"
>
  <div
    class="accordion__Inner-l3iym9-2 hRXtCm"
  >
    <h1
      class="accordion__Title-l3iym9-3 gyvMnx"
    >
      Frequently Asked Questions
    </h1>
    <div
      class="accordion__Item-l3iym9-4 jyoiVL"
    >
      <div
        class="accordion__Header-l3iym9-5 cMqcFc"
      >
        What is Netflix?
        <img
          alt="open"
          src="/images/icons/add.png"
        />
      </div>
    </div>
    <div
      class="accordion__Item-l3iym9-4 jyoiVL"
    >
      <div
        class="accordion__Header-l3iym9-5 cMqcFc"
      >
        How much does Netflix cost?
        <img
          alt="open"
          src="/images/icons/add.png"
        />
      </div>
    </div>
    <div
      class="accordion__Item-l3iym9-4 jyoiVL"
    >
      <div
        class="accordion__Header-l3iym9-5 cMqcFc"
      >
        Where can I watch?
        <img
          alt="open"
          src="/images/icons/add.png"
        />
      </div>
    </div>
    <div
      class="accordion__Item-l3iym9-4 jyoiVL"
    >
      <div
        class="accordion__Header-l3iym9-5 cMqcFc"
      >
        How do I cancel?
        <img
          alt="open"
          src="/images/icons/add.png"
        />
      </div>
    </div>
    <div
      class="accordion__Item-l3iym9-4 jyoiVL"
    >
      <div
        class="accordion__Header-l3iym9-5 cMqcFc"
      >
        What can I watch on Netflix?
        <img
          alt="open"
          src="/images/icons/add.png"
        />
      </div>
    </div>
  </div>
</div>
`;

exports[`<Accordion /> renders the <Accordion /> with populated data 1`] = `
<div
  class="accordion__Container-l3iym9-0 inwkwi"
>
  <div
    class="accordion__Inner-l3iym9-2 hRXtCm"
  >
    <h1
      class="accordion__Title-l3iym9-3 gyvMnx"
    >
      Frequently Asked Questions
    </h1>
    <div
      class="accordion__Item-l3iym9-4 jyoiVL"
    >
      <div
        class="accordion__Header-l3iym9-5 cMqcFc"
      >
        What is Netflix?
        <img
          alt="open"
          src="/images/icons/add.png"
        />
      </div>
    </div>
    <div
      class="accordion__Item-l3iym9-4 jyoiVL"
    >
      <div
        class="accordion__Header-l3iym9-5 cMqcFc"
      >
        How much does Netflix cost?
        <img
          alt="open"
          src="/images/icons/add.png"
        />
      </div>
    </div>
    <div
      class="accordion__Item-l3iym9-4 jyoiVL"
    >
      <div
        class="accordion__Header-l3iym9-5 cMqcFc"
      >
        Where can I watch?
        <img
          alt="open"
          src="/images/icons/add.png"
        />
      </div>
    </div>
    <div
      class="accordion__Item-l3iym9-4 jyoiVL"
    >
      <div
        class="accordion__Header-l3iym9-5 cMqcFc"
      >
        How do I cancel?
        <img
          alt="open"
          src="/images/icons/add.png"
        />
      </div>
    </div>
    <div
      class="accordion__Item-l3iym9-4 jyoiVL"
    >
      <div
        class="accordion__Header-l3iym9-5 cMqcFc"
      >
        What can I watch on Netflix?
        <img
          alt="open"
          src="/images/icons/add.png"
        />
      </div>
    </div>
  </div>
</div>
`;
