// Jest Snapshot v1, https://goo.gl/fbAQLP

exports[`<Footrt /> renders the <Footer /> with populated data 1`] = `
<div
  class="footer__Container-qu6i6-0 kBwVlK"
>
  <p
    class="footer__Title-qu6i6-3 costGr"
  >
    Questions? Contact us.
  </p>
  <div
    class="footer__Break-qu6i6-6 cnYatT"
  />
  <div
    class="footer__Row-qu6i6-2 eQpqDY"
  >
    <div
      class="footer__Column-qu6i6-1 jAYoWp"
    >
      <a
        class="footer__Link-qu6i6-5 dthowc"
        href="#"
      >
        FAQ
      </a>
      <a
        class="footer__Link-qu6i6-5 dthowc"
        href="#"
      >
        Investors Relations
      </a>
      <a
        class="footer__Link-qu6i6-5 dthowc"
        href="#"
      >
        Ways To Watch
      </a>
      <a
        class="footer__Link-qu6i6-5 dthowc"
        href="#"
      >
        Coporate Information
      </a>
      <a
        class="footer__Link-qu6i6-5 dthowc"
        href="#"
      >
        Netflix Originals
      </a>
    </div>
    <div
      class="footer__Column-qu6i6-1 jAYoWp"
    >
      <a
        class="footer__Link-qu6i6-5 dthowc"
        href="#"
      >
        Help Center
      </a>
      <a
        class="footer__Link-qu6i6-5 dthowc"
        href="#"
      >
        Jobs
      </a>
      <a
        class="footer__Link-qu6i6-5 dthowc"
        href="#"
      >
        Terms of Use
      </a>
      <a
        class="footer__Link-qu6i6-5 dthowc"
        href="#"
      >
        Contact Us
      </a>
    </div>
    <div
      class="footer__Column-qu6i6-1 jAYoWp"
    >
      <a
        class="footer__Link-qu6i6-5 dthowc"
        href="#"
      >
        Account
      </a>
      <a
        class="footer__Link-qu6i6-5 dthowc"
        href="#"
      >
        Redeem Gift Cards
      </a>
      <a
        class="footer__Link-qu6i6-5 dthowc"
        href="#"
      >
        Privacy
      </a>
      <a
        class="footer__Link-qu6i6-5 dthowc"
        href="#"
      >
        Speed Test
      </a>
    </div>
    <div
      class="footer__Column-qu6i6-1 jAYoWp"
    >
      <a
        class="footer__Link-qu6i6-5 dthowc"
        href="#"
      >
        Media Center
      </a>
      <a
        class="footer__Link-qu6i6-5 dthowc"
        href="#"
      >
        Redeem Gift Cards
      </a>
      <a
        class="footer__Link-qu6i6-5 dthowc"
        href="#"
      >
        Privacy
      </a>
      <a
        class="footer__Link-qu6i6-5 dthowc"
        href="#"
      >
        Help Center
      </a>
    </div>
    <p
      class="footer__Text-qu6i6-4 czHFYg"
    >
      Netflix Cairo, Egypt
    </p>
  </div>
</div>
`;
