// Jest Snapshot v1, https://goo.gl/fbAQLP

exports[`<Form /> renders the <Form /> component with populated data 1`] = `
<div
  class="from__Container-sc-1x5h4v7-0 gDEElt"
>
  <h1
    class="from__Title-sc-1x5h4v7-5 iWjJRN"
  >
    Sign In Now
  </h1>
  <form
    class="from__Base-sc-1x5h4v7-1 gsXBYf"
  >
    <input
      class="from__Input-sc-1x5h4v7-2 Stbig"
      placeholder="Email address"
    />
    <input
      autocomplete="off"
      class="from__Input-sc-1x5h4v7-2 Stbig"
      placeholder="Password"
      type="password"
    />
    <button
      class="from__Submit-sc-1x5h4v7-3 cVEbht"
      disabled=""
      type="submit"
    >
      Sign In
    </button>
  </form>
  <p
    class="from__Text-sc-1x5h4v7-6 kXgQwo"
  >
    New to Netflix? 
  </p>
  <p
    class="from__SubText-sc-1x5h4v7-7 htLfeT"
  >
    This page is protected by Google.
  </p>
</div>
`;

exports[`<Form /> renders the <Form /> with an error 1`] = `
<div
  class="from__Container-sc-1x5h4v7-0 gDEElt"
>
  <div
    class="from__Error-sc-1x5h4v7-4 bGebFr"
  >
    Email is already taken
  </div>
  <button
    class="from__Submit-sc-1x5h4v7-3 cVEbht"
    type="submit"
  >
    Sign In
  </button>
</div>
`;
